// Jest Snapshot v1, https://goo.gl/fbAQLP

exports[`ActionSheet renders correctly 1`] = `
<ActionSheet
  actions={
    Array [
      Object {
        "onClick": [MockFunction],
        "text": "操作一",
      },
      Object {
        "onClick": [MockFunction],
        "text": "操作二",
      },
      Object {
        "onClick": [MockFunction],
        "text": "操作三",
        "theme": "error",
      },
    ]
  }
  cancelText="取消"
  onMaskClick={[MockFunction]}
  prefixCls="za-action-sheet"
  spacing={false}
  visible={true}
>
  <Popup
    onMaskClick={[MockFunction]}
    visible={true}
  >
    <Portal
      animationDuration={200}
      autoClose={false}
      direction="bottom"
      handlePortalUnmount={[Function]}
      mask={true}
      maskType="normal"
      onMaskClick={[MockFunction]}
      prefixCls="za-popup"
      stayTime={3000}
      visible={true}
    >
      <div
        className="za-popup za-popup-hidden"
      >
        <div
          className="za-popup-wrapper za-popup-wrapper-bottom"
          style={
            Object {
              "WebkitTransitionDuration": "200ms",
              "transitionDuration": "200ms",
            }
          }
        >
          <div
            className="za-action-sheet"
          >
            <div
              className="za-action-sheet-actions"
            >
              <a
                className="za-action-sheet-item"
                key="0"
                onClick={[MockFunction]}
              >
                操作一
              </a>
              <a
                className="za-action-sheet-item"
                key="1"
                onClick={[MockFunction]}
              >
                操作二
              </a>
              <a
                className="za-action-sheet-item theme-error"
                key="2"
                onClick={[MockFunction]}
              >
                操作三
              </a>
            </div>
          </div>
        </div>
        <Mask
          className=""
          onClick={[MockFunction]}
          prefixCls="za-mask"
          style={
            Object {
              "WebkitAnimationDuration": "200ms",
              "animationDuration": "200ms",
            }
          }
          type="normal"
          visible={false}
        />
      </div>
    </Portal>
  </Popup>
</ActionSheet>
`;
